// Vitest Snapshot v1, https://vitest.dev/guide/snapshot.html

exports[`apiV1Routes > preserves the mounted HTTP route contract 1`] = `
[
  "DELETE /api/v1/bookmarks/:id",
  "DELETE /api/v1/bookmarks/:id",
  "DELETE /api/v1/subscriptions/gmail/:feedId",
  "DELETE /api/v1/subscriptions/gmail/:feedId",
  "DELETE /api/v1/subscriptions/gmail/connection",
  "DELETE /api/v1/subscriptions/gmail/connection",
  "DELETE /api/v1/subscriptions/rss/:feedId",
  "DELETE /api/v1/subscriptions/rss/:feedId",
  "DELETE /api/v1/subscriptions/spotify/:subscriptionId",
  "DELETE /api/v1/subscriptions/spotify/:subscriptionId",
  "DELETE /api/v1/subscriptions/spotify/connection",
  "DELETE /api/v1/subscriptions/spotify/connection",
  "DELETE /api/v1/subscriptions/x/connection",
  "DELETE /api/v1/subscriptions/x/connection",
  "DELETE /api/v1/subscriptions/youtube/:subscriptionId",
  "DELETE /api/v1/subscriptions/youtube/:subscriptionId",
  "DELETE /api/v1/subscriptions/youtube/connection",
  "DELETE /api/v1/subscriptions/youtube/connection",
  "GET /api/v1/bookmarks",
  "GET /api/v1/bookmarks",
  "GET /api/v1/bookmarks/:id",
  "GET /api/v1/bookmarks/:id",
  "GET /api/v1/bookmarks/:id/article-content",
  "GET /api/v1/bookmarks/:id/article-content",
  "GET /api/v1/bookmarks/:id/subscription-settings",
  "GET /api/v1/bookmarks/:id/subscription-settings",
  "GET /api/v1/bookmarks/opened",
  "GET /api/v1/bookmarks/opened",
  "GET /api/v1/bookmarks/quick-wins",
  "GET /api/v1/bookmarks/quick-wins",
  "GET /api/v1/collections/:id/items",
  "GET /api/v1/collections/:id/items",
  "GET /api/v1/creators/:creatorId",
  "GET /api/v1/creators/:creatorId",
  "GET /api/v1/creators/:creatorId/bookmarks",
  "GET /api/v1/creators/:creatorId/bookmarks",
  "GET /api/v1/creators/:creatorId/latest-content",
  "GET /api/v1/creators/:creatorId/latest-content",
  "GET /api/v1/editorial/editions",
  "GET /api/v1/editorial/editions",
  "GET /api/v1/editorial/editions/:id",
  "GET /api/v1/editorial/editions/:id",
  "GET /api/v1/editorial/editions/:id/artifacts/:artifact",
  "GET /api/v1/editorial/editions/:id/artifacts/:artifact",
  "GET /api/v1/editorial/editions/latest",
  "GET /api/v1/editorial/editions/latest",
  "GET /api/v1/editorial/experiments",
  "GET /api/v1/editorial/experiments",
  "GET /api/v1/editorial/experiments/:id",
  "GET /api/v1/editorial/experiments/:id",
  "GET /api/v1/editorial/experiments/:id/variants/:variantId",
  "GET /api/v1/editorial/experiments/:id/variants/:variantId",
  "GET /api/v1/editorial/feedback/profile",
  "GET /api/v1/editorial/feedback/profile",
  "GET /api/v1/editorial/today",
  "GET /api/v1/editorial/today",
  "GET /api/v1/home",
  "GET /api/v1/home",
  "GET /api/v1/inbox",
  "GET /api/v1/inbox",
  "GET /api/v1/openapi.json",
  "GET /api/v1/subscriptions",
  "GET /api/v1/subscriptions",
  "GET /api/v1/subscriptions/gmail",
  "GET /api/v1/subscriptions/gmail",
  "GET /api/v1/subscriptions/rss",
  "GET /api/v1/subscriptions/rss",
  "GET /api/v1/subscriptions/spotify",
  "GET /api/v1/subscriptions/spotify",
  "GET /api/v1/subscriptions/x",
  "GET /api/v1/subscriptions/x",
  "GET /api/v1/subscriptions/youtube",
  "GET /api/v1/subscriptions/youtube",
  "GET /api/v1/sync-jobs/:jobId",
  "GET /api/v1/sync-jobs/:jobId",
  "GET /api/v1/sync-jobs/active",
  "GET /api/v1/sync-jobs/active",
  "GET /api/v1/tags",
  "GET /api/v1/tags",
  "GET /api/v1/today",
  "GET /api/v1/today",
  "GET /api/v1/today/authors/:authorKey",
  "GET /api/v1/today/authors/:authorKey",
  "GET /api/v1/today/builds/:buildId",
  "GET /api/v1/today/builds/:buildId",
  "GET /api/v1/today/editions",
  "GET /api/v1/today/editions",
  "GET /api/v1/today/feed",
  "GET /api/v1/today/feed",
  "GET /api/v1/today/sections/:sectionId",
  "GET /api/v1/today/sections/:sectionId",
  "PATCH /api/v1/bookmarks/:id",
  "PATCH /api/v1/bookmarks/:id",
  "PATCH /api/v1/editorial/experiments/:id",
  "PATCH /api/v1/editorial/experiments/:id",
  "PATCH /api/v1/subscriptions/gmail/:feedId",
  "PATCH /api/v1/subscriptions/gmail/:feedId",
  "PATCH /api/v1/subscriptions/rss/:feedId",
  "PATCH /api/v1/subscriptions/rss/:feedId",
  "PATCH /api/v1/subscriptions/spotify/:subscriptionId",
  "PATCH /api/v1/subscriptions/spotify/:subscriptionId",
  "PATCH /api/v1/subscriptions/x/settings",
  "PATCH /api/v1/subscriptions/x/settings",
  "PATCH /api/v1/subscriptions/youtube/:subscriptionId",
  "PATCH /api/v1/subscriptions/youtube/:subscriptionId",
  "POST /api/v1/bookmarks",
  "POST /api/v1/bookmarks",
  "POST /api/v1/bookmarks/:id/article-content",
  "POST /api/v1/bookmarks/:id/article-content",
  "POST /api/v1/bookmarks/:id/opened",
  "POST /api/v1/bookmarks/:id/opened",
  "POST /api/v1/bookmarks/preview",
  "POST /api/v1/bookmarks/preview",
  "POST /api/v1/editorial/editions",
  "POST /api/v1/editorial/editions",
  "POST /api/v1/editorial/experiments",
  "POST /api/v1/editorial/experiments",
  "POST /api/v1/editorial/experiments/:id/abandon",
  "POST /api/v1/editorial/experiments/:id/abandon",
  "POST /api/v1/editorial/experiments/:id/decision",
  "POST /api/v1/editorial/experiments/:id/decision",
  "POST /api/v1/editorial/experiments/:id/failure",
  "POST /api/v1/editorial/experiments/:id/failure",
  "POST /api/v1/editorial/experiments/:id/lock",
  "POST /api/v1/editorial/experiments/:id/lock",
  "POST /api/v1/editorial/experiments/:id/promote",
  "POST /api/v1/editorial/experiments/:id/promote",
  "POST /api/v1/editorial/experiments/:id/variants",
  "POST /api/v1/editorial/experiments/:id/variants",
  "POST /api/v1/editorial/feedback",
  "POST /api/v1/editorial/feedback",
  "POST /api/v1/editorial/runs",
  "POST /api/v1/editorial/runs",
  "POST /api/v1/editorial/runs/:id/failure",
  "POST /api/v1/editorial/runs/:id/failure",
  "POST /api/v1/inbox/:id/archive",
  "POST /api/v1/inbox/:id/archive",
  "POST /api/v1/inbox/:id/bookmark",
  "POST /api/v1/inbox/:id/bookmark",
  "POST /api/v1/subscriptions/gmail/connection/callback",
  "POST /api/v1/subscriptions/gmail/connection/callback",
  "POST /api/v1/subscriptions/gmail/connection/state",
  "POST /api/v1/subscriptions/gmail/connection/state",
  "POST /api/v1/subscriptions/gmail/sync",
  "POST /api/v1/subscriptions/gmail/sync",
  "POST /api/v1/subscriptions/rss",
  "POST /api/v1/subscriptions/rss",
  "POST /api/v1/subscriptions/rss/:feedId/sync",
  "POST /api/v1/subscriptions/rss/:feedId/sync",
  "POST /api/v1/subscriptions/spotify",
  "POST /api/v1/subscriptions/spotify",
  "POST /api/v1/subscriptions/spotify/:subscriptionId/sync",
  "POST /api/v1/subscriptions/spotify/:subscriptionId/sync",
  "POST /api/v1/subscriptions/spotify/connection/callback",
  "POST /api/v1/subscriptions/spotify/connection/callback",
  "POST /api/v1/subscriptions/spotify/connection/state",
  "POST /api/v1/subscriptions/spotify/connection/state",
  "POST /api/v1/subscriptions/x/connection/callback",
  "POST /api/v1/subscriptions/x/connection/callback",
  "POST /api/v1/subscriptions/x/connection/state",
  "POST /api/v1/subscriptions/x/connection/state",
  "POST /api/v1/subscriptions/x/sync",
  "POST /api/v1/subscriptions/x/sync",
  "POST /api/v1/subscriptions/youtube",
  "POST /api/v1/subscriptions/youtube",
  "POST /api/v1/subscriptions/youtube/:subscriptionId/sync",
  "POST /api/v1/subscriptions/youtube/:subscriptionId/sync",
  "POST /api/v1/subscriptions/youtube/connection/callback",
  "POST /api/v1/subscriptions/youtube/connection/callback",
  "POST /api/v1/subscriptions/youtube/connection/state",
  "POST /api/v1/subscriptions/youtube/connection/state",
  "POST /api/v1/sync-jobs",
  "POST /api/v1/sync-jobs",
  "POST /api/v1/today/builds",
  "POST /api/v1/today/builds",
  "POST /api/v1/today/builds/:buildId/failure",
  "POST /api/v1/today/builds/:buildId/failure",
  "POST /api/v1/today/builds/:buildId/publish",
  "POST /api/v1/today/builds/:buildId/publish",
  "POST /api/v1/today/editions/:editionId/activate",
  "POST /api/v1/today/editions/:editionId/activate",
  "PUT /api/v1/bookmarks/:id/progress",
  "PUT /api/v1/bookmarks/:id/progress",
  "PUT /api/v1/bookmarks/:id/tags",
  "PUT /api/v1/bookmarks/:id/tags",
]
`;
